{
  "meta": {
    "Tags": [
      "foo",
      "bar"
    ],
    "Title": "I am simple."
  },
  "content": "PGgxPkkgYW0gc2ltcGxlLjwvaDE+Cgo8cD5UcnVseSBzaW1wbGUuPC9wPgo="
}
