<h1>I am simple.</h1>

<pre><code>Tags: [foo,bar]
</code></pre>

<p>Truly simple.</p>

