{"content":"\u003ch1\u003eI am simple.\u003c/h1\u003e\n\n\u003cp\u003eTruly simple.\u003c/p\u003e\n","meta":{"Tags":["foo","bar"],"Title":"I am simple."}}
